 
****************************************
Report : timing
        -path full
        -delay max
        -max_paths 1
Design : RCA_size128
Version: F-2011.09-SP3
Date   : Thu Jun  3 12:37:17 2021
****************************************

Operating Conditions: typical   Library: NangateOpenCellLibrary
Wire Load Model Mode: top

  Startpoint: b[0] (input port)
  Endpoint: sum[127] (output port)
  Path Group: default
  Path Type: max

  Des/Clust/Port     Wire Load Model       Library
  ------------------------------------------------
  RCA_size128        5K_hvratio_1_4        NangateOpenCellLibrary

  Point                                    Incr       Path
  -----------------------------------------------------------
  input external delay                     0.00       0.00 r
  b[0] (in)                                0.00       0.00 r
  fa_i_0/b (FA_0)                          0.00       0.00 r
  fa_i_0/U2/ZN (INV_X1)                    0.02       0.02 f
  fa_i_0/U1/ZN (OAI22_X1)                  0.06       0.08 r
  fa_i_0/c_out (FA_0)                      0.00       0.08 r
  fa_i_1/c_in (FA_127)                     0.00       0.08 r
  fa_i_1/U5/ZN (INV_X1)                    0.03       0.11 f
  fa_i_1/U1/ZN (OAI22_X1)                  0.05       0.15 r
  fa_i_1/c_out (FA_127)                    0.00       0.15 r
  fa_i_2/c_in (FA_126)                     0.00       0.15 r
  fa_i_2/U5/ZN (INV_X1)                    0.03       0.18 f
  fa_i_2/U1/ZN (OAI22_X1)                  0.05       0.23 r
  fa_i_2/c_out (FA_126)                    0.00       0.23 r
  fa_i_3/c_in (FA_125)                     0.00       0.23 r
  fa_i_3/U5/ZN (INV_X1)                    0.03       0.26 f
  fa_i_3/U1/ZN (OAI22_X1)                  0.05       0.30 r
  fa_i_3/c_out (FA_125)                    0.00       0.30 r
  fa_i_4/c_in (FA_124)                     0.00       0.30 r
  fa_i_4/U5/ZN (INV_X1)                    0.03       0.33 f
  fa_i_4/U1/ZN (OAI22_X1)                  0.05       0.38 r
  fa_i_4/c_out (FA_124)                    0.00       0.38 r
  fa_i_5/c_in (FA_123)                     0.00       0.38 r
  fa_i_5/U5/ZN (INV_X1)                    0.03       0.40 f
  fa_i_5/U1/ZN (OAI22_X1)                  0.05       0.45 r
  fa_i_5/c_out (FA_123)                    0.00       0.45 r
  fa_i_6/c_in (FA_122)                     0.00       0.45 r
  fa_i_6/U5/ZN (INV_X1)                    0.03       0.48 f
  fa_i_6/U1/ZN (OAI22_X1)                  0.05       0.52 r
  fa_i_6/c_out (FA_122)                    0.00       0.52 r
  fa_i_7/c_in (FA_121)                     0.00       0.52 r
  fa_i_7/U5/ZN (INV_X1)                    0.03       0.55 f
  fa_i_7/U1/ZN (OAI22_X1)                  0.05       0.60 r
  fa_i_7/c_out (FA_121)                    0.00       0.60 r
  fa_i_8/c_in (FA_120)                     0.00       0.60 r
  fa_i_8/U5/ZN (INV_X1)                    0.03       0.63 f
  fa_i_8/U1/ZN (OAI22_X1)                  0.05       0.67 r
  fa_i_8/c_out (FA_120)                    0.00       0.67 r
  fa_i_9/c_in (FA_119)                     0.00       0.67 r
  fa_i_9/U5/ZN (INV_X1)                    0.03       0.70 f
  fa_i_9/U1/ZN (OAI22_X1)                  0.05       0.75 r
  fa_i_9/c_out (FA_119)                    0.00       0.75 r
  fa_i_10/c_in (FA_118)                    0.00       0.75 r
  fa_i_10/U5/ZN (INV_X1)                   0.03       0.78 f
  fa_i_10/U1/ZN (OAI22_X1)                 0.05       0.82 r
  fa_i_10/c_out (FA_118)                   0.00       0.82 r
  fa_i_11/c_in (FA_117)                    0.00       0.82 r
  fa_i_11/U5/ZN (INV_X1)                   0.03       0.85 f
  fa_i_11/U1/ZN (OAI22_X1)                 0.05       0.90 r
  fa_i_11/c_out (FA_117)                   0.00       0.90 r
  fa_i_12/c_in (FA_116)                    0.00       0.90 r
  fa_i_12/U5/ZN (INV_X1)                   0.03       0.93 f
  fa_i_12/U1/ZN (OAI22_X1)                 0.05       0.97 r
  fa_i_12/c_out (FA_116)                   0.00       0.97 r
  fa_i_13/c_in (FA_115)                    0.00       0.97 r
  fa_i_13/U5/ZN (INV_X1)                   0.03       1.00 f
  fa_i_13/U1/ZN (OAI22_X1)                 0.05       1.05 r
  fa_i_13/c_out (FA_115)                   0.00       1.05 r
  fa_i_14/c_in (FA_114)                    0.00       1.05 r
  fa_i_14/U5/ZN (INV_X1)                   0.03       1.08 f
  fa_i_14/U1/ZN (OAI22_X1)                 0.05       1.12 r
  fa_i_14/c_out (FA_114)                   0.00       1.12 r
  fa_i_15/c_in (FA_113)                    0.00       1.12 r
  fa_i_15/U5/ZN (INV_X1)                   0.03       1.15 f
  fa_i_15/U1/ZN (OAI22_X1)                 0.05       1.20 r
  fa_i_15/c_out (FA_113)                   0.00       1.20 r
  fa_i_16/c_in (FA_112)                    0.00       1.20 r
  fa_i_16/U5/ZN (INV_X1)                   0.03       1.22 f
  fa_i_16/U1/ZN (OAI22_X1)                 0.05       1.27 r
  fa_i_16/c_out (FA_112)                   0.00       1.27 r
  fa_i_17/c_in (FA_111)                    0.00       1.27 r
  fa_i_17/U5/ZN (INV_X1)                   0.03       1.30 f
  fa_i_17/U1/ZN (OAI22_X1)                 0.05       1.34 r
  fa_i_17/c_out (FA_111)                   0.00       1.34 r
  fa_i_18/c_in (FA_110)                    0.00       1.34 r
  fa_i_18/U5/ZN (INV_X1)                   0.03       1.37 f
  fa_i_18/U1/ZN (OAI22_X1)                 0.05       1.42 r
  fa_i_18/c_out (FA_110)                   0.00       1.42 r
  fa_i_19/c_in (FA_109)                    0.00       1.42 r
  fa_i_19/U5/ZN (INV_X1)                   0.03       1.45 f
  fa_i_19/U1/ZN (OAI22_X1)                 0.05       1.49 r
  fa_i_19/c_out (FA_109)                   0.00       1.49 r
  fa_i_20/c_in (FA_108)                    0.00       1.49 r
  fa_i_20/U5/ZN (INV_X1)                   0.03       1.52 f
  fa_i_20/U1/ZN (OAI22_X1)                 0.05       1.57 r
  fa_i_20/c_out (FA_108)                   0.00       1.57 r
  fa_i_21/c_in (FA_107)                    0.00       1.57 r
  fa_i_21/U5/ZN (INV_X1)                   0.03       1.60 f
  fa_i_21/U1/ZN (OAI22_X1)                 0.05       1.64 r
  fa_i_21/c_out (FA_107)                   0.00       1.64 r
  fa_i_22/c_in (FA_106)                    0.00       1.64 r
  fa_i_22/U5/ZN (INV_X1)                   0.03       1.67 f
  fa_i_22/U1/ZN (OAI22_X1)                 0.05       1.72 r
  fa_i_22/c_out (FA_106)                   0.00       1.72 r
  fa_i_23/c_in (FA_105)                    0.00       1.72 r
  fa_i_23/U5/ZN (INV_X1)                   0.03       1.75 f
  fa_i_23/U1/ZN (OAI22_X1)                 0.05       1.79 r
  fa_i_23/c_out (FA_105)                   0.00       1.79 r
  fa_i_24/c_in (FA_104)                    0.00       1.79 r
  fa_i_24/U5/ZN (INV_X1)                   0.03       1.82 f
  fa_i_24/U1/ZN (OAI22_X1)                 0.05       1.87 r
  fa_i_24/c_out (FA_104)                   0.00       1.87 r
  fa_i_25/c_in (FA_103)                    0.00       1.87 r
  fa_i_25/U5/ZN (INV_X1)                   0.03       1.89 f
  fa_i_25/U1/ZN (OAI22_X1)                 0.05       1.94 r
  fa_i_25/c_out (FA_103)                   0.00       1.94 r
  fa_i_26/c_in (FA_102)                    0.00       1.94 r
  fa_i_26/U5/ZN (INV_X1)                   0.03       1.97 f
  fa_i_26/U1/ZN (OAI22_X1)                 0.05       2.02 r
  fa_i_26/c_out (FA_102)                   0.00       2.02 r
  fa_i_27/c_in (FA_101)                    0.00       2.02 r
  fa_i_27/U5/ZN (INV_X1)                   0.03       2.04 f
  fa_i_27/U1/ZN (OAI22_X1)                 0.05       2.09 r
  fa_i_27/c_out (FA_101)                   0.00       2.09 r
  fa_i_28/c_in (FA_100)                    0.00       2.09 r
  fa_i_28/U5/ZN (INV_X1)                   0.03       2.12 f
  fa_i_28/U1/ZN (OAI22_X1)                 0.05       2.16 r
  fa_i_28/c_out (FA_100)                   0.00       2.16 r
  fa_i_29/c_in (FA_99)                     0.00       2.16 r
  fa_i_29/U5/ZN (INV_X1)                   0.03       2.19 f
  fa_i_29/U1/ZN (OAI22_X1)                 0.05       2.24 r
  fa_i_29/c_out (FA_99)                    0.00       2.24 r
  fa_i_30/c_in (FA_98)                     0.00       2.24 r
  fa_i_30/U5/ZN (INV_X1)                   0.03       2.27 f
  fa_i_30/U1/ZN (OAI22_X1)                 0.05       2.31 r
  fa_i_30/c_out (FA_98)                    0.00       2.31 r
  fa_i_31/c_in (FA_97)                     0.00       2.31 r
  fa_i_31/U5/ZN (INV_X1)                   0.03       2.34 f
  fa_i_31/U1/ZN (OAI22_X1)                 0.05       2.39 r
  fa_i_31/c_out (FA_97)                    0.00       2.39 r
  fa_i_32/c_in (FA_96)                     0.00       2.39 r
  fa_i_32/U5/ZN (INV_X1)                   0.03       2.42 f
  fa_i_32/U1/ZN (OAI22_X1)                 0.05       2.46 r
  fa_i_32/c_out (FA_96)                    0.00       2.46 r
  fa_i_33/c_in (FA_95)                     0.00       2.46 r
  fa_i_33/U5/ZN (INV_X1)                   0.03       2.49 f
  fa_i_33/U1/ZN (OAI22_X1)                 0.05       2.54 r
  fa_i_33/c_out (FA_95)                    0.00       2.54 r
  fa_i_34/c_in (FA_94)                     0.00       2.54 r
  fa_i_34/U5/ZN (INV_X1)                   0.03       2.57 f
  fa_i_34/U1/ZN (OAI22_X1)                 0.05       2.61 r
  fa_i_34/c_out (FA_94)                    0.00       2.61 r
  fa_i_35/c_in (FA_93)                     0.00       2.61 r
  fa_i_35/U5/ZN (INV_X1)                   0.03       2.64 f
  fa_i_35/U1/ZN (OAI22_X1)                 0.05       2.69 r
  fa_i_35/c_out (FA_93)                    0.00       2.69 r
  fa_i_36/c_in (FA_92)                     0.00       2.69 r
  fa_i_36/U5/ZN (INV_X1)                   0.03       2.71 f
  fa_i_36/U1/ZN (OAI22_X1)                 0.05       2.76 r
  fa_i_36/c_out (FA_92)                    0.00       2.76 r
  fa_i_37/c_in (FA_91)                     0.00       2.76 r
  fa_i_37/U5/ZN (INV_X1)                   0.03       2.79 f
  fa_i_37/U1/ZN (OAI22_X1)                 0.05       2.83 r
  fa_i_37/c_out (FA_91)                    0.00       2.83 r
  fa_i_38/c_in (FA_90)                     0.00       2.83 r
  fa_i_38/U5/ZN (INV_X1)                   0.03       2.86 f
  fa_i_38/U1/ZN (OAI22_X1)                 0.05       2.91 r
  fa_i_38/c_out (FA_90)                    0.00       2.91 r
  fa_i_39/c_in (FA_89)                     0.00       2.91 r
  fa_i_39/U5/ZN (INV_X1)                   0.03       2.94 f
  fa_i_39/U1/ZN (OAI22_X1)                 0.05       2.98 r
  fa_i_39/c_out (FA_89)                    0.00       2.98 r
  fa_i_40/c_in (FA_88)                     0.00       2.98 r
  fa_i_40/U5/ZN (INV_X1)                   0.03       3.01 f
  fa_i_40/U1/ZN (OAI22_X1)                 0.05       3.06 r
  fa_i_40/c_out (FA_88)                    0.00       3.06 r
  fa_i_41/c_in (FA_87)                     0.00       3.06 r
  fa_i_41/U5/ZN (INV_X1)                   0.03       3.09 f
  fa_i_41/U1/ZN (OAI22_X1)                 0.05       3.13 r
  fa_i_41/c_out (FA_87)                    0.00       3.13 r
  fa_i_42/c_in (FA_86)                     0.00       3.13 r
  fa_i_42/U5/ZN (INV_X1)                   0.03       3.16 f
  fa_i_42/U1/ZN (OAI22_X1)                 0.05       3.21 r
  fa_i_42/c_out (FA_86)                    0.00       3.21 r
  fa_i_43/c_in (FA_85)                     0.00       3.21 r
  fa_i_43/U5/ZN (INV_X1)                   0.03       3.24 f
  fa_i_43/U1/ZN (OAI22_X1)                 0.05       3.28 r
  fa_i_43/c_out (FA_85)                    0.00       3.28 r
  fa_i_44/c_in (FA_84)                     0.00       3.28 r
  fa_i_44/U5/ZN (INV_X1)                   0.03       3.31 f
  fa_i_44/U1/ZN (OAI22_X1)                 0.05       3.36 r
  fa_i_44/c_out (FA_84)                    0.00       3.36 r
  fa_i_45/c_in (FA_83)                     0.00       3.36 r
  fa_i_45/U5/ZN (INV_X1)                   0.03       3.39 f
  fa_i_45/U1/ZN (OAI22_X1)                 0.05       3.43 r
  fa_i_45/c_out (FA_83)                    0.00       3.43 r
  fa_i_46/c_in (FA_82)                     0.00       3.43 r
  fa_i_46/U5/ZN (INV_X1)                   0.03       3.46 f
  fa_i_46/U1/ZN (OAI22_X1)                 0.05       3.51 r
  fa_i_46/c_out (FA_82)                    0.00       3.51 r
  fa_i_47/c_in (FA_81)                     0.00       3.51 r
  fa_i_47/U5/ZN (INV_X1)                   0.03       3.53 f
  fa_i_47/U1/ZN (OAI22_X1)                 0.05       3.58 r
  fa_i_47/c_out (FA_81)                    0.00       3.58 r
  fa_i_48/c_in (FA_80)                     0.00       3.58 r
  fa_i_48/U5/ZN (INV_X1)                   0.03       3.61 f
  fa_i_48/U1/ZN (OAI22_X1)                 0.05       3.65 r
  fa_i_48/c_out (FA_80)                    0.00       3.65 r
  fa_i_49/c_in (FA_79)                     0.00       3.65 r
  fa_i_49/U5/ZN (INV_X1)                   0.03       3.68 f
  fa_i_49/U1/ZN (OAI22_X1)                 0.05       3.73 r
  fa_i_49/c_out (FA_79)                    0.00       3.73 r
  fa_i_50/c_in (FA_78)                     0.00       3.73 r
  fa_i_50/U5/ZN (INV_X1)                   0.03       3.76 f
  fa_i_50/U1/ZN (OAI22_X1)                 0.05       3.80 r
  fa_i_50/c_out (FA_78)                    0.00       3.80 r
  fa_i_51/c_in (FA_77)                     0.00       3.80 r
  fa_i_51/U5/ZN (INV_X1)                   0.03       3.83 f
  fa_i_51/U1/ZN (OAI22_X1)                 0.05       3.88 r
  fa_i_51/c_out (FA_77)                    0.00       3.88 r
  fa_i_52/c_in (FA_76)                     0.00       3.88 r
  fa_i_52/U5/ZN (INV_X1)                   0.03       3.91 f
  fa_i_52/U1/ZN (OAI22_X1)                 0.05       3.95 r
  fa_i_52/c_out (FA_76)                    0.00       3.95 r
  fa_i_53/c_in (FA_75)                     0.00       3.95 r
  fa_i_53/U5/ZN (INV_X1)                   0.03       3.98 f
  fa_i_53/U1/ZN (OAI22_X1)                 0.05       4.03 r
  fa_i_53/c_out (FA_75)                    0.00       4.03 r
  fa_i_54/c_in (FA_74)                     0.00       4.03 r
  fa_i_54/U5/ZN (INV_X1)                   0.03       4.06 f
  fa_i_54/U1/ZN (OAI22_X1)                 0.05       4.10 r
  fa_i_54/c_out (FA_74)                    0.00       4.10 r
  fa_i_55/c_in (FA_73)                     0.00       4.10 r
  fa_i_55/U5/ZN (INV_X1)                   0.03       4.13 f
  fa_i_55/U1/ZN (OAI22_X1)                 0.05       4.18 r
  fa_i_55/c_out (FA_73)                    0.00       4.18 r
  fa_i_56/c_in (FA_72)                     0.00       4.18 r
  fa_i_56/U5/ZN (INV_X1)                   0.03       4.20 f
  fa_i_56/U1/ZN (OAI22_X1)                 0.05       4.25 r
  fa_i_56/c_out (FA_72)                    0.00       4.25 r
  fa_i_57/c_in (FA_71)                     0.00       4.25 r
  fa_i_57/U5/ZN (INV_X1)                   0.03       4.28 f
  fa_i_57/U1/ZN (OAI22_X1)                 0.05       4.33 r
  fa_i_57/c_out (FA_71)                    0.00       4.33 r
  fa_i_58/c_in (FA_70)                     0.00       4.33 r
  fa_i_58/U5/ZN (INV_X1)                   0.03       4.35 f
  fa_i_58/U1/ZN (OAI22_X1)                 0.05       4.40 r
  fa_i_58/c_out (FA_70)                    0.00       4.40 r
  fa_i_59/c_in (FA_69)                     0.00       4.40 r
  fa_i_59/U5/ZN (INV_X1)                   0.03       4.43 f
  fa_i_59/U1/ZN (OAI22_X1)                 0.05       4.47 r
  fa_i_59/c_out (FA_69)                    0.00       4.47 r
  fa_i_60/c_in (FA_68)                     0.00       4.47 r
  fa_i_60/U5/ZN (INV_X1)                   0.03       4.50 f
  fa_i_60/U1/ZN (OAI22_X1)                 0.05       4.55 r
  fa_i_60/c_out (FA_68)                    0.00       4.55 r
  fa_i_61/c_in (FA_67)                     0.00       4.55 r
  fa_i_61/U5/ZN (INV_X1)                   0.03       4.58 f
  fa_i_61/U1/ZN (OAI22_X1)                 0.05       4.62 r
  fa_i_61/c_out (FA_67)                    0.00       4.62 r
  fa_i_62/c_in (FA_66)                     0.00       4.62 r
  fa_i_62/U5/ZN (INV_X1)                   0.03       4.65 f
  fa_i_62/U1/ZN (OAI22_X1)                 0.05       4.70 r
  fa_i_62/c_out (FA_66)                    0.00       4.70 r
  fa_i_63/c_in (FA_65)                     0.00       4.70 r
  fa_i_63/U5/ZN (INV_X1)                   0.03       4.73 f
  fa_i_63/U1/ZN (OAI22_X1)                 0.05       4.77 r
  fa_i_63/c_out (FA_65)                    0.00       4.77 r
  fa_i_64/c_in (FA_64)                     0.00       4.77 r
  fa_i_64/U5/ZN (INV_X1)                   0.03       4.80 f
  fa_i_64/U1/ZN (OAI22_X1)                 0.05       4.85 r
  fa_i_64/c_out (FA_64)                    0.00       4.85 r
  fa_i_65/c_in (FA_63)                     0.00       4.85 r
  fa_i_65/U5/ZN (INV_X1)                   0.03       4.88 f
  fa_i_65/U1/ZN (OAI22_X1)                 0.05       4.92 r
  fa_i_65/c_out (FA_63)                    0.00       4.92 r
  fa_i_66/c_in (FA_62)                     0.00       4.92 r
  fa_i_66/U5/ZN (INV_X1)                   0.03       4.95 f
  fa_i_66/U1/ZN (OAI22_X1)                 0.05       5.00 r
  fa_i_66/c_out (FA_62)                    0.00       5.00 r
  fa_i_67/c_in (FA_61)                     0.00       5.00 r
  fa_i_67/U5/ZN (INV_X1)                   0.03       5.02 f
  fa_i_67/U1/ZN (OAI22_X1)                 0.05       5.07 r
  fa_i_67/c_out (FA_61)                    0.00       5.07 r
  fa_i_68/c_in (FA_60)                     0.00       5.07 r
  fa_i_68/U5/ZN (INV_X1)                   0.03       5.10 f
  fa_i_68/U1/ZN (OAI22_X1)                 0.05       5.14 r
  fa_i_68/c_out (FA_60)                    0.00       5.14 r
  fa_i_69/c_in (FA_59)                     0.00       5.14 r
  fa_i_69/U5/ZN (INV_X1)                   0.03       5.17 f
  fa_i_69/U1/ZN (OAI22_X1)                 0.05       5.22 r
  fa_i_69/c_out (FA_59)                    0.00       5.22 r
  fa_i_70/c_in (FA_58)                     0.00       5.22 r
  fa_i_70/U5/ZN (INV_X1)                   0.03       5.25 f
  fa_i_70/U1/ZN (OAI22_X1)                 0.05       5.29 r
  fa_i_70/c_out (FA_58)                    0.00       5.29 r
  fa_i_71/c_in (FA_57)                     0.00       5.29 r
  fa_i_71/U5/ZN (INV_X1)                   0.03       5.32 f
  fa_i_71/U1/ZN (OAI22_X1)                 0.05       5.37 r
  fa_i_71/c_out (FA_57)                    0.00       5.37 r
  fa_i_72/c_in (FA_56)                     0.00       5.37 r
  fa_i_72/U5/ZN (INV_X1)                   0.03       5.40 f
  fa_i_72/U1/ZN (OAI22_X1)                 0.05       5.44 r
  fa_i_72/c_out (FA_56)                    0.00       5.44 r
  fa_i_73/c_in (FA_55)                     0.00       5.44 r
  fa_i_73/U5/ZN (INV_X1)                   0.03       5.47 f
  fa_i_73/U1/ZN (OAI22_X1)                 0.05       5.52 r
  fa_i_73/c_out (FA_55)                    0.00       5.52 r
  fa_i_74/c_in (FA_54)                     0.00       5.52 r
  fa_i_74/U5/ZN (INV_X1)                   0.03       5.55 f
  fa_i_74/U1/ZN (OAI22_X1)                 0.05       5.59 r
  fa_i_74/c_out (FA_54)                    0.00       5.59 r
  fa_i_75/c_in (FA_53)                     0.00       5.59 r
  fa_i_75/U5/ZN (INV_X1)                   0.03       5.62 f
  fa_i_75/U1/ZN (OAI22_X1)                 0.05       5.67 r
  fa_i_75/c_out (FA_53)                    0.00       5.67 r
  fa_i_76/c_in (FA_52)                     0.00       5.67 r
  fa_i_76/U5/ZN (INV_X1)                   0.03       5.70 f
  fa_i_76/U1/ZN (OAI22_X1)                 0.05       5.74 r
  fa_i_76/c_out (FA_52)                    0.00       5.74 r
  fa_i_77/c_in (FA_51)                     0.00       5.74 r
  fa_i_77/U5/ZN (INV_X1)                   0.03       5.77 f
  fa_i_77/U1/ZN (OAI22_X1)                 0.05       5.82 r
  fa_i_77/c_out (FA_51)                    0.00       5.82 r
  fa_i_78/c_in (FA_50)                     0.00       5.82 r
  fa_i_78/U5/ZN (INV_X1)                   0.03       5.84 f
  fa_i_78/U1/ZN (OAI22_X1)                 0.05       5.89 r
  fa_i_78/c_out (FA_50)                    0.00       5.89 r
  fa_i_79/c_in (FA_49)                     0.00       5.89 r
  fa_i_79/U5/ZN (INV_X1)                   0.03       5.92 f
  fa_i_79/U1/ZN (OAI22_X1)                 0.05       5.96 r
  fa_i_79/c_out (FA_49)                    0.00       5.96 r
  fa_i_80/c_in (FA_48)                     0.00       5.96 r
  fa_i_80/U5/ZN (INV_X1)                   0.03       5.99 f
  fa_i_80/U1/ZN (OAI22_X1)                 0.05       6.04 r
  fa_i_80/c_out (FA_48)                    0.00       6.04 r
  fa_i_81/c_in (FA_47)                     0.00       6.04 r
  fa_i_81/U5/ZN (INV_X1)                   0.03       6.07 f
  fa_i_81/U1/ZN (OAI22_X1)                 0.05       6.11 r
  fa_i_81/c_out (FA_47)                    0.00       6.11 r
  fa_i_82/c_in (FA_46)                     0.00       6.11 r
  fa_i_82/U5/ZN (INV_X1)                   0.03       6.14 f
  fa_i_82/U1/ZN (OAI22_X1)                 0.05       6.19 r
  fa_i_82/c_out (FA_46)                    0.00       6.19 r
  fa_i_83/c_in (FA_45)                     0.00       6.19 r
  fa_i_83/U5/ZN (INV_X1)                   0.03       6.22 f
  fa_i_83/U1/ZN (OAI22_X1)                 0.05       6.26 r
  fa_i_83/c_out (FA_45)                    0.00       6.26 r
  fa_i_84/c_in (FA_44)                     0.00       6.26 r
  fa_i_84/U5/ZN (INV_X1)                   0.03       6.29 f
  fa_i_84/U1/ZN (OAI22_X1)                 0.05       6.34 r
  fa_i_84/c_out (FA_44)                    0.00       6.34 r
  fa_i_85/c_in (FA_43)                     0.00       6.34 r
  fa_i_85/U5/ZN (INV_X1)                   0.03       6.37 f
  fa_i_85/U1/ZN (OAI22_X1)                 0.05       6.41 r
  fa_i_85/c_out (FA_43)                    0.00       6.41 r
  fa_i_86/c_in (FA_42)                     0.00       6.41 r
  fa_i_86/U5/ZN (INV_X1)                   0.03       6.44 f
  fa_i_86/U1/ZN (OAI22_X1)                 0.05       6.49 r
  fa_i_86/c_out (FA_42)                    0.00       6.49 r
  fa_i_87/c_in (FA_41)                     0.00       6.49 r
  fa_i_87/U5/ZN (INV_X1)                   0.03       6.51 f
  fa_i_87/U1/ZN (OAI22_X1)                 0.05       6.56 r
  fa_i_87/c_out (FA_41)                    0.00       6.56 r
  fa_i_88/c_in (FA_40)                     0.00       6.56 r
  fa_i_88/U5/ZN (INV_X1)                   0.03       6.59 f
  fa_i_88/U1/ZN (OAI22_X1)                 0.05       6.63 r
  fa_i_88/c_out (FA_40)                    0.00       6.63 r
  fa_i_89/c_in (FA_39)                     0.00       6.63 r
  fa_i_89/U5/ZN (INV_X1)                   0.03       6.66 f
  fa_i_89/U1/ZN (OAI22_X1)                 0.05       6.71 r
  fa_i_89/c_out (FA_39)                    0.00       6.71 r
  fa_i_90/c_in (FA_38)                     0.00       6.71 r
  fa_i_90/U5/ZN (INV_X1)                   0.03       6.74 f
  fa_i_90/U1/ZN (OAI22_X1)                 0.05       6.78 r
  fa_i_90/c_out (FA_38)                    0.00       6.78 r
  fa_i_91/c_in (FA_37)                     0.00       6.78 r
  fa_i_91/U5/ZN (INV_X1)                   0.03       6.81 f
  fa_i_91/U1/ZN (OAI22_X1)                 0.05       6.86 r
  fa_i_91/c_out (FA_37)                    0.00       6.86 r
  fa_i_92/c_in (FA_36)                     0.00       6.86 r
  fa_i_92/U5/ZN (INV_X1)                   0.03       6.89 f
  fa_i_92/U1/ZN (OAI22_X1)                 0.05       6.93 r
  fa_i_92/c_out (FA_36)                    0.00       6.93 r
  fa_i_93/c_in (FA_35)                     0.00       6.93 r
  fa_i_93/U5/ZN (INV_X1)                   0.03       6.96 f
  fa_i_93/U1/ZN (OAI22_X1)                 0.05       7.01 r
  fa_i_93/c_out (FA_35)                    0.00       7.01 r
  fa_i_94/c_in (FA_34)                     0.00       7.01 r
  fa_i_94/U5/ZN (INV_X1)                   0.03       7.04 f
  fa_i_94/U1/ZN (OAI22_X1)                 0.05       7.08 r
  fa_i_94/c_out (FA_34)                    0.00       7.08 r
  fa_i_95/c_in (FA_33)                     0.00       7.08 r
  fa_i_95/U5/ZN (INV_X1)                   0.03       7.11 f
  fa_i_95/U1/ZN (OAI22_X1)                 0.05       7.16 r
  fa_i_95/c_out (FA_33)                    0.00       7.16 r
  fa_i_96/c_in (FA_32)                     0.00       7.16 r
  fa_i_96/U5/ZN (INV_X1)                   0.03       7.19 f
  fa_i_96/U1/ZN (OAI22_X1)                 0.05       7.23 r
  fa_i_96/c_out (FA_32)                    0.00       7.23 r
  fa_i_97/c_in (FA_31)                     0.00       7.23 r
  fa_i_97/U5/ZN (INV_X1)                   0.03       7.26 f
  fa_i_97/U1/ZN (OAI22_X1)                 0.05       7.31 r
  fa_i_97/c_out (FA_31)                    0.00       7.31 r
  fa_i_98/c_in (FA_30)                     0.00       7.31 r
  fa_i_98/U5/ZN (INV_X1)                   0.03       7.33 f
  fa_i_98/U1/ZN (OAI22_X1)                 0.05       7.38 r
  fa_i_98/c_out (FA_30)                    0.00       7.38 r
  fa_i_99/c_in (FA_29)                     0.00       7.38 r
  fa_i_99/U5/ZN (INV_X1)                   0.03       7.41 f
  fa_i_99/U1/ZN (OAI22_X1)                 0.05       7.45 r
  fa_i_99/c_out (FA_29)                    0.00       7.45 r
  fa_i_100/c_in (FA_28)                    0.00       7.45 r
  fa_i_100/U5/ZN (INV_X1)                  0.03       7.48 f
  fa_i_100/U1/ZN (OAI22_X1)                0.05       7.53 r
  fa_i_100/c_out (FA_28)                   0.00       7.53 r
  fa_i_101/c_in (FA_27)                    0.00       7.53 r
  fa_i_101/U5/ZN (INV_X1)                  0.03       7.56 f
  fa_i_101/U1/ZN (OAI22_X1)                0.05       7.60 r
  fa_i_101/c_out (FA_27)                   0.00       7.60 r
  fa_i_102/c_in (FA_26)                    0.00       7.60 r
  fa_i_102/U5/ZN (INV_X1)                  0.03       7.63 f
  fa_i_102/U1/ZN (OAI22_X1)                0.05       7.68 r
  fa_i_102/c_out (FA_26)                   0.00       7.68 r
  fa_i_103/c_in (FA_25)                    0.00       7.68 r
  fa_i_103/U5/ZN (INV_X1)                  0.03       7.71 f
  fa_i_103/U1/ZN (OAI22_X1)                0.05       7.75 r
  fa_i_103/c_out (FA_25)                   0.00       7.75 r
  fa_i_104/c_in (FA_24)                    0.00       7.75 r
  fa_i_104/U5/ZN (INV_X1)                  0.03       7.78 f
  fa_i_104/U1/ZN (OAI22_X1)                0.05       7.83 r
  fa_i_104/c_out (FA_24)                   0.00       7.83 r
  fa_i_105/c_in (FA_23)                    0.00       7.83 r
  fa_i_105/U5/ZN (INV_X1)                  0.03       7.86 f
  fa_i_105/U1/ZN (OAI22_X1)                0.05       7.90 r
  fa_i_105/c_out (FA_23)                   0.00       7.90 r
  fa_i_106/c_in (FA_22)                    0.00       7.90 r
  fa_i_106/U5/ZN (INV_X1)                  0.03       7.93 f
  fa_i_106/U1/ZN (OAI22_X1)                0.05       7.98 r
  fa_i_106/c_out (FA_22)                   0.00       7.98 r
  fa_i_107/c_in (FA_21)                    0.00       7.98 r
  fa_i_107/U5/ZN (INV_X1)                  0.03       8.00 f
  fa_i_107/U1/ZN (OAI22_X1)                0.05       8.05 r
  fa_i_107/c_out (FA_21)                   0.00       8.05 r
  fa_i_108/c_in (FA_20)                    0.00       8.05 r
  fa_i_108/U5/ZN (INV_X1)                  0.03       8.08 f
  fa_i_108/U1/ZN (OAI22_X1)                0.05       8.13 r
  fa_i_108/c_out (FA_20)                   0.00       8.13 r
  fa_i_109/c_in (FA_19)                    0.00       8.13 r
  fa_i_109/U5/ZN (INV_X1)                  0.03       8.15 f
  fa_i_109/U1/ZN (OAI22_X1)                0.05       8.20 r
  fa_i_109/c_out (FA_19)                   0.00       8.20 r
  fa_i_110/c_in (FA_18)                    0.00       8.20 r
  fa_i_110/U5/ZN (INV_X1)                  0.03       8.23 f
  fa_i_110/U1/ZN (OAI22_X1)                0.05       8.27 r
  fa_i_110/c_out (FA_18)                   0.00       8.27 r
  fa_i_111/c_in (FA_17)                    0.00       8.27 r
  fa_i_111/U5/ZN (INV_X1)                  0.03       8.30 f
  fa_i_111/U1/ZN (OAI22_X1)                0.05       8.35 r
  fa_i_111/c_out (FA_17)                   0.00       8.35 r
  fa_i_112/c_in (FA_16)                    0.00       8.35 r
  fa_i_112/U5/ZN (INV_X1)                  0.03       8.38 f
  fa_i_112/U1/ZN (OAI22_X1)                0.05       8.42 r
  fa_i_112/c_out (FA_16)                   0.00       8.42 r
  fa_i_113/c_in (FA_15)                    0.00       8.42 r
  fa_i_113/U5/ZN (INV_X1)                  0.03       8.45 f
  fa_i_113/U1/ZN (OAI22_X1)                0.05       8.50 r
  fa_i_113/c_out (FA_15)                   0.00       8.50 r
  fa_i_114/c_in (FA_14)                    0.00       8.50 r
  fa_i_114/U5/ZN (INV_X1)                  0.03       8.53 f
  fa_i_114/U1/ZN (OAI22_X1)                0.05       8.57 r
  fa_i_114/c_out (FA_14)                   0.00       8.57 r
  fa_i_115/c_in (FA_13)                    0.00       8.57 r
  fa_i_115/U5/ZN (INV_X1)                  0.03       8.60 f
  fa_i_115/U1/ZN (OAI22_X1)                0.05       8.65 r
  fa_i_115/c_out (FA_13)                   0.00       8.65 r
  fa_i_116/c_in (FA_12)                    0.00       8.65 r
  fa_i_116/U5/ZN (INV_X1)                  0.03       8.68 f
  fa_i_116/U1/ZN (OAI22_X1)                0.05       8.72 r
  fa_i_116/c_out (FA_12)                   0.00       8.72 r
  fa_i_117/c_in (FA_11)                    0.00       8.72 r
  fa_i_117/U5/ZN (INV_X1)                  0.03       8.75 f
  fa_i_117/U1/ZN (OAI22_X1)                0.05       8.80 r
  fa_i_117/c_out (FA_11)                   0.00       8.80 r
  fa_i_118/c_in (FA_10)                    0.00       8.80 r
  fa_i_118/U5/ZN (INV_X1)                  0.03       8.82 f
  fa_i_118/U1/ZN (OAI22_X1)                0.05       8.87 r
  fa_i_118/c_out (FA_10)                   0.00       8.87 r
  fa_i_119/c_in (FA_9)                     0.00       8.87 r
  fa_i_119/U5/ZN (INV_X1)                  0.03       8.90 f
  fa_i_119/U1/ZN (OAI22_X1)                0.05       8.94 r
  fa_i_119/c_out (FA_9)                    0.00       8.94 r
  fa_i_120/c_in (FA_8)                     0.00       8.94 r
  fa_i_120/U5/ZN (INV_X1)                  0.03       8.97 f
  fa_i_120/U1/ZN (OAI22_X1)                0.05       9.02 r
  fa_i_120/c_out (FA_8)                    0.00       9.02 r
  fa_i_121/c_in (FA_7)                     0.00       9.02 r
  fa_i_121/U5/ZN (INV_X1)                  0.03       9.05 f
  fa_i_121/U1/ZN (OAI22_X1)                0.05       9.09 r
  fa_i_121/c_out (FA_7)                    0.00       9.09 r
  fa_i_122/c_in (FA_6)                     0.00       9.09 r
  fa_i_122/U5/ZN (INV_X1)                  0.03       9.12 f
  fa_i_122/U1/ZN (OAI22_X1)                0.05       9.17 r
  fa_i_122/c_out (FA_6)                    0.00       9.17 r
  fa_i_123/c_in (FA_5)                     0.00       9.17 r
  fa_i_123/U5/ZN (INV_X1)                  0.03       9.20 f
  fa_i_123/U1/ZN (OAI22_X1)                0.05       9.24 r
  fa_i_123/c_out (FA_5)                    0.00       9.24 r
  fa_i_124/c_in (FA_4)                     0.00       9.24 r
  fa_i_124/U5/ZN (INV_X1)                  0.03       9.27 f
  fa_i_124/U1/ZN (OAI22_X1)                0.05       9.32 r
  fa_i_124/c_out (FA_4)                    0.00       9.32 r
  fa_i_125/c_in (FA_3)                     0.00       9.32 r
  fa_i_125/U6/ZN (INV_X1)                  0.03       9.35 f
  fa_i_125/U2/ZN (OAI22_X1)                0.05       9.39 r
  fa_i_125/c_out (FA_3)                    0.00       9.39 r
  fa_i_126/c_in (FA_2)                     0.00       9.39 r
  fa_i_126/U5/ZN (INV_X1)                  0.03       9.42 f
  fa_i_126/U1/ZN (OAI22_X1)                0.06       9.48 r
  fa_i_126/c_out (FA_2)                    0.00       9.48 r
  fa_i_127/c_in (FA_1)                     0.00       9.48 r
  fa_i_127/U1/ZN (XNOR2_X1)                0.06       9.54 r
  fa_i_127/s (FA_1)                        0.00       9.54 r
  sum[127] (out)                           0.00       9.55 r
  data arrival time                                   9.55

  max_delay                                5.00       5.00
  output external delay                    0.00       5.00
  data required time                                  5.00
  -----------------------------------------------------------
  data required time                                  5.00
  data arrival time                                  -9.55
  -----------------------------------------------------------
  slack (VIOLATED)                                   -4.55


1
