 
****************************************
Report : power
        -net
        -analysis_effort low
        -sort_mode net_switching_power
Design : SIPISOALU
Version: F-2011.09-SP3
Date   : Tue Apr 27 22:13:12 2021
****************************************


Library(s) Used:

    NangateOpenCellLibrary (File: /home/mariagrazia.graziano/do/libnangate/NangateOpenCellLibrary_typical_ecsm.db)


Operating Conditions: typical   Library: NangateOpenCellLibrary
Wire Load Model Mode: top

Design        Wire Load Model            Library
------------------------------------------------
SIPISOALU              5K_hvratio_1_1    NangateOpenCellLibrary


Global Operating Voltage = 1.1  
Power-specific unit information :
    Voltage Units = 1V
    Capacitance Units = 1.000000ff
    Time Units = 1ns
    Dynamic Power Units = 1uW    (derived from V,C,T units)
    Leakage Power Units = 1nW



  Attributes
  ----------
      a  -  Switching activity information annotated on net
      d  -  Default switching activity information on net

                             Total      Static   Toggle   Switching
Net                          Net Load   Prob.    Rate     Power      Attrs
--------------------------------------------------------------------------------
n159                          25.056    0.500    0.3704      5.6144  d
EA                             9.085    0.149    0.2398      1.3183  
LDB                            9.315    0.112    0.2264      1.2759  
net5580                        7.555    0.199    0.2085      0.9531  
net2896                       11.001    0.122    0.1348      0.8974  
net2976                       11.078    0.109    0.1110      0.7439  
n226                           6.707    0.878    0.1367      0.5545  
n257                           7.445    0.109    0.1171      0.5274  
n266                           3.998    0.835    0.1976      0.4779  
n248                           3.983    0.165    0.1976      0.4761  
net5610                        2.024    0.500    0.3704      0.4536  d
n254                           1.252    0.495    0.4747      0.3595  
n241                           2.542    0.182    0.2333      0.3588  
net2899                        4.737    0.891    0.1189      0.3407  
n242                           1.999    0.184    0.2805      0.3394  
n265                           4.109    0.892    0.1200      0.2984  
n211                           1.257    0.441    0.3875      0.2946  
n264                           3.992    0.888    0.1188      0.2869  
n250                           1.927    0.765    0.2446      0.2852  
n251                           1.990    0.826    0.2352      0.2831  
net5668                        4.065    0.890    0.1128      0.2774  
n267                           4.219    0.098    0.1034      0.2640  
n172                           3.878    0.111    0.1112      0.2609  
n223                           1.961    0.830    0.2164      0.2568  
n253                           1.926    0.178    0.2185      0.2546  
n260                           1.974    0.194    0.2132      0.2546  
n221                           1.882    0.151    0.2150      0.2447  
n228                           1.974    0.841    0.2020      0.2412  
n249                           1.997    0.835    0.1976      0.2387  
n252                           4.052    0.054    0.0949      0.2328  
n261                           1.909    0.165    0.1976      0.2282  
n258                           9.526    0.995    0.0390      0.2247  
LDC                            8.862    0.005    0.0390      0.2091  
n150                           2.590    0.112    0.1170      0.1833  
n247                           2.542    0.889    0.1130      0.1738  
n171                           2.721    0.902    0.1052      0.1732  
net5600                        3.346    0.050    0.0828      0.1677  
n227                           2.073    0.882    0.1278      0.1603  
n209                           7.362    0.987    0.0357      0.1591  
n263                           1.252    0.176    0.2010      0.1522  
n268                           6.078    0.005    0.0390      0.1434  
net5582                        7.491    0.979    0.0303      0.1373  
n54                            1.438    0.134    0.1513      0.1317  
n262                           1.252    0.880    0.1572      0.1191  
n50                            1.438    0.121    0.1365      0.1188  
n49                            1.438    0.121    0.1354      0.1178  
n53                            1.438    0.123    0.1321      0.1150  
net5609                        1.980    0.054    0.0952      0.1140  
n48                            1.438    0.120    0.1301      0.1132  
n225                           1.957    0.946    0.0949      0.1124  
n51                            1.438    0.122    0.1269      0.1104  
n52                            1.438    0.108    0.1118      0.0973  
SHIFTC                         4.406    0.013    0.0357      0.0952  
n222                           2.024    0.042    0.0740      0.0907  
n141                           1.256    0.108    0.1182      0.0899  
n208                           3.940    0.013    0.0357      0.0851  
n234                           1.974    0.966    0.0676      0.0807  
net5603                        1.257    0.950    0.0828      0.0630  
n220                           1.972    0.023    0.0518      0.0618  
net5624                        2.320    0.022    0.0402      0.0565  
STARTC                         2.363    0.005    0.0390      0.0557  
n259                           1.909    0.980    0.0474      0.0547  
n243                           1.980    0.992    0.0378      0.0452  
n238                           1.974    0.007    0.0344      0.0410  
net5638                        1.894    0.013    0.0357      0.0409  
n237                           1.900    0.993    0.0344      0.0395  
n44                            1.438    0.025    0.0450      0.0391  
n256                           1.909    0.976    0.0318      0.0367  
n231                           1.957    0.023    0.0306      0.0363  
n205                           2.024    0.995    0.0285      0.0349  
net5614                        1.933    0.005    0.0285      0.0333  
n45                            1.438    0.008    0.0378      0.0328  
n218                           1.960    0.005    0.0267      0.0316  
n224                           1.931    0.984    0.0262      0.0306  
n170                           1.252    0.993    0.0362      0.0274  
n206                           1.252    0.993    0.0362      0.0274  
n169                           1.960    0.006    0.0222      0.0263  
n46                            1.438    0.005    0.0292      0.0254  
n255                           1.931    0.997    0.0212      0.0248  
net5596                        1.922    0.994    0.0210      0.0244  
net5569                        1.931    0.997    0.0206      0.0240  
net5571                        1.900    0.997    0.0192      0.0221  
n47                            1.438    0.006    0.0223      0.0194  
net5622                        1.960    0.985    0.0136      0.0161  
n217                           1.960    1.000    0.0000      0.0000  
n244                           1.882    1.000    0.0000      0.0000  
--------------------------------------------------------------------------------
Total (86 nets)                                             23.3392 uW
1
